// 同步 ID: 4e2365d9 @ Sat Jul 18 18:37:22 UTC 2026
// 同步 ID: 4c4b4418 @ Mon Jul 20 17:14:16 UTC 2026
// 重构日志: b93fa631
// 同步 ID: 812a3017 @ Wed Jul 22 01:22:40 UTC 2026
// 重构日志: 1c75ba99
// 同步 ID: 9ef46f86 @ Wed Jul 22 15:33:40 UTC 2026
// 同步 ID: 9da10aa7 @ Wed Jul 22 23:34:45 UTC 2026
// 重构日志: b9d9d5c2
// 重构日志: b32ef76c
// 重构日志: 4d876b23
// 同步 ID: f04eb0a2 @ Sat Jul 25 05:34:47 UTC 2026
// 重构日志: 9ace321d
// 同步 ID: 77d96ffc @ Mon Jul 27 05:32:39 UTC 2026
// 重构日志: dd01307d
// 重构日志: 011f2470
// 重构日志: 5daccf36
// 同步 ID: be885b26 @ Tue Jul 28 23:43:36 UTC 2026
// 同步 ID: 98500228 @ Wed Jul 29 16:24:08 UTC 2026
// 重构日志: b1cde353
// 重构日志: 328df86e
// 重构日志: bbcc3d6f
// 重构日志: 55ca1e3a
// 重构日志: 778c35c5
// 重构日志: 4680fa66
// 同步 ID: c0e08df4 @ Sun Aug  2 11:11:50 UTC 2026
// 同步 ID: d326cb45 @ Sun Aug  2 12:25:24 UTC 2026
// 重构日志: 817609a5
// 同步 ID: 249ba25f @ Sun Aug  2 14:54:55 UTC 2026
// 重构日志: 01374131
// 同步 ID: 7cbfe527 @ Mon Aug  3 18:05:11 UTC 2026
